[INFO] Scanning for projects...
[INFO] 
[INFO] -----------------< com.appointment:appointment-system >-----------------
[INFO] Building Smart Appointment System 1.0.0
[INFO]   from pom.xml
[INFO] --------------------------------[ jar ]---------------------------------
[INFO] 
[INFO] --- resources:3.3.1:resources (default-resources) @ appointment-system ---
[INFO] Copying 1 resource from src\main\resources to target\classes
[INFO] Copying 2 resources from src\main\resources to target\classes
[INFO] 
[INFO] --- compiler:3.11.0:compile (default-compile) @ appointment-system ---
[INFO] Changes detected - recompiling the module! :source
[INFO] Compiling 43 source files with javac [debug release 17] to target\classes
[INFO] -------------------------------------------------------------
[ERROR] COMPILATION ERROR : 
[INFO] -------------------------------------------------------------
[ERROR] /C:/Users/M S I/Desktop/appointment_system/src/main/java/com/appointment/config/WebSocketConfig.java:[27,17] cannot find symbol
  symbol:   method addStompEndpoint(java.lang.String)
  location: variable registry of type org.springframework.web.socket.config.annotation.StompEndpointRegistry
[INFO] 1 error
[INFO] -------------------------------------------------------------
[INFO] ------------------------------------------------------------------------
[INFO] BUILD FAILURE
[INFO] ------------------------------------------------------------------------
[INFO] Total time:  9.836 s
[INFO] Finished at: 2026-03-15T21:01:08+05:30
[INFO] ------------------------------------------------------------------------
[ERROR] Failed to execute goal org.apache.maven.plugins:maven-compiler-plugin:3.11.0:compile (default-compile) on project appointment-system: Compilation failure
[ERROR] /C:/Users/M S I/Desktop/appointment_system/src/main/java/com/appointment/config/WebSocketConfig.java:[27,17] cannot find symbol
[ERROR]   symbol:   method addStompEndpoint(java.lang.String)
[ERROR]   location: variable registry of type org.springframework.web.socket.config.annotation.StompEndpointRegistry
[ERROR] 
[ERROR] -> [Help 1]
[ERROR] 
[ERROR] To see the full stack trace of the errors, re-run Maven with the -e switch.
[ERROR] Re-run Maven using the -X switch to enable full debug logging.
[ERROR] 
[ERROR] For more information about the errors and possible solutions, please read the following articles:
[ERROR] [Help 1] http://cwiki.apache.org/confluence/display/MAVEN/MojoFailureException
